// Jest Snapshot v1, https://goo.gl/fbAQLP

exports[`ListComponent 1`] = `
<div>
  <ul>
    <li><strong>Iron Man</strong></li>
    <li><strong>Avengers</strong></li>
    <li><strong>Infitinity War</strong></li>
    <li><strong>Endgame</strong></li>
  </ul>
</div>
`;

exports[`mount a vue component 1`] = `
<div>
  <h1>Hello H@$ka</h1>
</div>
`;
